// Jest Snapshot v1, https://goo.gl/fbAQLP

exports[`Camera  shows blank screen during loading permissions 1`] = `<View />`;
